src/components/layout/DockItem.tsx(36,30): error TS2604: JSX element type 'IconComponent' does not have any construct or call signatures.
src/components/layout/DockItem.tsx(36,30): error TS2786: 'IconComponent' cannot be used as a JSX component.
  Its type 'ReactNode' is not a valid JSX element type.
    Type 'undefined' is not assignable to type 'ElementType'.
src/components/layout/NeonDock.tsx(40,16): error TS2322: Type 'ForwardRefExoticComponent<Omit<LucideProps, "ref"> & RefAttributes<SVGSVGElement>>' is not assignable to type 'ReactNode'.
src/components/layout/NeonDock.tsx(64,32): error TS2322: Type 'ForwardRefExoticComponent<Omit<LucideProps, "ref"> & RefAttributes<SVGSVGElement>>' is not assignable to type 'ReactNode'.
src/components/layout/NeonDock.tsx(86,46): error TS2322: Type 'ForwardRefExoticComponent<Omit<LucideProps, "ref"> & RefAttributes<SVGSVGElement>>' is not assignable to type 'ReactNode'.
src/components/layout/NeonDock.tsx(100,32): error TS2322: Type 'ForwardRefExoticComponent<Omit<LucideProps, "ref"> & RefAttributes<SVGSVGElement>>' is not assignable to type 'ReactNode'.
src/components/layout/NeonDock.tsx(108,32): error TS2322: Type 'ForwardRefExoticComponent<Omit<LucideProps, "ref"> & RefAttributes<SVGSVGElement>>' is not assignable to type 'ReactNode'.
src/components/layout/NeonDock.tsx(116,32): error TS2322: Type 'ForwardRefExoticComponent<Omit<LucideProps, "ref"> & RefAttributes<SVGSVGElement>>' is not assignable to type 'ReactNode'.
src/components/layout/NeonDock.tsx(124,32): error TS2322: Type 'ForwardRefExoticComponent<Omit<LucideProps, "ref"> & RefAttributes<SVGSVGElement>>' is not assignable to type 'ReactNode'.
src/features/audit/AuditLogView.tsx(8,26): error TS6133: 'AlertTriangle' is declared but its value is never read.
src/features/audit/AuditLogView.tsx(8,41): error TS6133: 'ShieldCheck' is declared but its value is never read.
src/features/audit/AuditLogView.tsx(8,54): error TS6133: 'UserX' is declared but its value is never read.
src/features/audit/AuditLogView.tsx(8,61): error TS6133: 'Clock' is declared but its value is never read.
src/features/audit/AuditLogView.tsx(8,68): error TS6133: 'ChevronDown' is declared but its value is never read.
src/features/audit/AuditLogView.tsx(8,92): error TS6133: 'Undo' is declared but its value is never read.
src/features/audit/AuditLogView.tsx(11,1): error TS6133: 'formatDistanceToNow' is declared but its value is never read.
src/features/audit/AuditLogView.tsx(30,10): error TS6133: 'loading' is declared but its value is never read.
src/features/audit/AuditLogView.tsx(30,19): error TS6133: 'setLoading' is declared but its value is never read.
src/features/audit/AuditLogView.tsx(35,20): error TS2304: Cannot find name 'useCallback'.
src/features/audit/AuditLogView.tsx(47,9): error TS2304: Cannot find name 'setIsRefreshing'.
src/features/audit/AuditLogView.tsx(49,9): error TS2304: Cannot find name 'setIsRefreshing'.
src/features/audit/AuditLogView.tsx(89,56): error TS2339: Property 'moderation' does not exist on type 'ElectronAPI'.
src/features/audit/AuditLogView.tsx(115,42): error TS2304: Cannot find name 'Ban'.
src/features/audit/AuditLogView.tsx(116,44): error TS2304: Cannot find name 'UserMinus'.
src/features/audit/AuditLogView.tsx(117,49): error TS2304: Cannot find name 'Bot'.
src/features/audit/AuditLogView.tsx(118,48): error TS2304: Cannot find name 'Mail'.
src/features/audit/AuditLogView.tsx(119,44): error TS2304: Cannot find name 'Key'.
src/features/audit/AuditLogView.tsx(204,99): error TS2304: Cannot find name 'isRefreshing'.
src/features/audit/AuditLogView.tsx(205,59): error TS2304: Cannot find name 'isRefreshing'.
src/features/audit/AuditLogView.tsx(223,109): error TS2554: Expected 2 arguments, but got 1.
src/features/automod/AutoModView.tsx(99,37): error TS2367: This comparison appears to be unintentional because the types '"AGE_CHECK" | "TRUST_CHECK" | "KEYWORD_BLOCK" | "WHITELIST_CHECK" | "BAN_EVASION_CHECK"' and '"AGE_VERIFICATION"' have no overlap.
src/features/automod/components/RuleCard.tsx(25,5): error TS6133: 'children' is declared but its value is never read.
src/features/live/LiveView.tsx(15,1): error TS6133: 'Volume2' is declared but its value is never read.
src/features/live/LiveView.tsx(779,52): error TS2339: Property 'offsetWidth' does not exist on type 'SVGSVGElement'.
src/features/settings/AudioSettings.tsx(2,10): error TS6133: 'Volume2' is declared but its value is never read.
src/features/settings/SettingsView.tsx(5,1): error TS6133: 'useConfirm' is declared but its value is never read.
src/features/settings/SettingsView.tsx(6,1): error TS6133: 'useNotificationStore' is declared but its value is never read.
src/features/settings/SettingsView.tsx(79,37): error TS2345: Argument of type '{ title: string; message: string; confirmLabel: string; variant: string; }' is not assignable to parameter of type 'string'.
src/features/settings/SettingsView.tsx(88,7): error TS2552: Cannot find name 'addNotification'. Did you mean 'Notification'?
src/features/settings/SettingsView.tsx(93,39): error TS2345: Argument of type '{ title: string; message: string; confirmLabel: string; variant: string; }' is not assignable to parameter of type 'string'.
src/features/settings/SettingsView.tsx(102,11): error TS2304: Cannot find name 'setDashboardLayoutReset'.
src/features/settings/SettingsView.tsx(103,28): error TS2304: Cannot find name 'setDashboardLayoutReset'.
src/features/watchlist/dialogs/EntitySearchModal.tsx(5,35): error TS6133: 'Activity' is declared but its value is never read.
src/features/watchlist/dialogs/EntitySearchModal.tsx(8,22): error TS7016: Could not find a declaration file for module 'lodash/debounce'. 'F:/Group Guard scratch/node_modules/lodash/debounce.js' implicitly has an 'any' type.
  Try `npm i --save-dev @types/lodash` if it exists or add a new declaration (.d.ts) file containing `declare module 'lodash/debounce';`
src/features/watchlist/dialogs/EntitySearchModal.tsx(186,52): error TS2554: Expected 3 arguments, but got 2.
